{
  "timestamp" : "2019-09-19T17:02:08.635Z",
  "level" : "INFO",
  "thread" : "main",
  "logger" : "jsonLogger",
  "message" : "info message",
  "context" : "default"
}{
  "timestamp" : "2019-09-19T17:02:08.678Z",
  "level" : "DEBUG",
  "thread" : "main",
  "logger" : "jsonLogger",
  "message" : "debug message",
  "context" : "default"
}{
  "timestamp" : "2019-09-19T17:02:08.685Z",
  "level" : "ERROR",
  "thread" : "main",
  "logger" : "jsonLogger",
  "message" : "Error: {}",
  "context" : "default",
  "exception" : "java.lang.ArithmeticException: / by zero\n\tat com.github.danilopaiva.loki.sample.DemoApplicationTests.contextLoads(DemoApplicationTests.java:24)\n\tat java.base/jdk.internal.reflect.NativeMethodAccessorImpl.invoke0(Native Method)\n\tat java.base/jdk.internal.reflect.NativeMethodAccessorImpl.invoke(NativeMethodAccessorImpl.java:62)\n\tat java.base/jdk.internal.reflect.DelegatingMethodAccessorImpl.invoke(DelegatingMethodAccessorImpl.java:43)\n\tat java.base/java.lang.reflect.Method.invoke(Method.java:566)\n\tat org.junit.runners.model.FrameworkMethod$1.runReflectiveCall(FrameworkMethod.java:50)\n\tat org.junit.internal.runners.model.ReflectiveCallable.run(ReflectiveCallable.java:12)\n\tat org.junit.runners.model.FrameworkMethod.invokeExplosively(FrameworkMethod.java:47)\n\tat org.junit.internal.runners.statements.InvokeMethod.evaluate(InvokeMethod.java:17)\n\tat org.junit.runners.ParentRunner.runLeaf(ParentRunner.java:325)\n\tat org.junit.runners.BlockJUnit4ClassRunner.runChild(BlockJUnit4ClassRunner.java:78)\n\tat org.junit.runners.BlockJUnit4ClassRunner.runChild(BlockJUnit4ClassRunner.java:57)\n\tat org.junit.runners.ParentRunner$3.run(ParentRunner.java:290)\n\tat org.junit.runners.ParentRunner$1.schedule(ParentRunner.java:71)\n\tat org.junit.runners.ParentRunner.runChildren(ParentRunner.java:288)\n\tat org.junit.runners.ParentRunner.access$000(ParentRunner.java:58)\n\tat org.junit.runners.ParentRunner$2.evaluate(ParentRunner.java:268)\n\tat org.junit.runners.ParentRunner.run(ParentRunner.java:363)\n\tat org.junit.runner.JUnitCore.run(JUnitCore.java:137)\n\tat com.intellij.junit4.JUnit4IdeaTestRunner.startRunnerWithArgs(JUnit4IdeaTestRunner.java:68)\n\tat com.intellij.rt.execution.junit.IdeaTestRunner$Repeater.startRunnerWithArgs(IdeaTestRunner.java:47)\n\tat com.intellij.rt.execution.junit.JUnitStarter.prepareStreamsAndStart(JUnitStarter.java:242)\n\tat com.intellij.rt.execution.junit.JUnitStarter.main(JUnitStarter.java:70)\n"
}